
> nextjs@0.1.0 build
> next build

node.exe : ΓÜá `eslint` configuration in next.config.js is no longer supported. See more info here: 
https://nextjs.org/docs/app/api-reference/cli/next#next-lint-options
At line:1 char:1
+ & "C:\Program Files\nodejs/node.exe" "C:\Program Files\nodejs/node_mo ...
+ ~~~~~~~~~~~~~~~~~~~~~~~~~~~~~~~~~~~~~~~~~~~~~~~~~~~~~~~~~~~~~~~~~~~~~
    + CategoryInfo          : NotSpecified: (ΓÜá `eslint` co...xt-lint-options:String) [], RemoteException
    + FullyQualifiedErrorId : NativeCommandError
 
ΓÜá Invalid next.config.js options detected: 
ΓÜá     Unrecognized key(s) in object: 'eslint'
ΓÜá See more info here: https://nextjs.org/docs/messages/invalid-next-config
Γû▓ Next.js 16.1.2 (Turbopack)
- Environments: .env.local, .env.production, .env

  Creating an optimized production build ...
Γ£ô Compiled successfully in 25.0s
  Running TypeScript ...
  Collecting page data using 3 workers ...

≡ƒôª Database Configuration:
  Host: localhost
  Port: 3306
  Database: carvertical

≡ƒôª Database Configuration:
  Host: localhost
  Port: 3306
  Database: carvertical

≡ƒôª Database Configuration:
  Host: localhost
  Port: 3306
  Database: carvertical
Γ£à Database connection successful

Γ£à Database connection successful

Γ£à Database connection successful


≡ƒôª Database Configuration:
  Host: localhost
  Port: 3306
  Database: carvertical
Γ£à Database connection successful

  Generating static pages using 3 workers (0/59) ...
  Generating static pages using 3 workers (14/59) 
Γ¿» useSearchParams() should be wrapped in a suspense boundary at page "/contact-us". Read more: 
https://nextjs.org/docs/messages/missing-suspense-with-csr-bailout
    at Q (C:\Users\ADV\Downloads\project\.next\server\chunks\ssr\node_modules_next_920e7746._.js:2:2111)
    at o (C:\Users\ADV\Downloads\project\.next\server\chunks\ssr\node_modules_next_920e7746._.js:4:5284)
    at q (C:\Users\ADV\Downloads\project\.next\server\chunks\ssr\_33546364._.js:1:10526)
    at an (C:\Users\ADV\Downloads\project\node_modules\next\dist\compiled\next-server\app-page-turbo.runtim
e.prod.js:2:84360)
    at ai (C:\Users\ADV\Downloads\project\node_modules\next\dist\compiled\next-server\app-page-turbo.runtim
e.prod.js:2:86179)
    at al (C:\Users\ADV\Downloads\project\node_modules\next\dist\compiled\next-server\app-page-turbo.runtim
e.prod.js:2:107953)
    at as (C:\Users\ADV\Downloads\project\node_modules\next\dist\compiled\next-server\app-page-turbo.runtim
e.prod.js:2:105368)
    at am (C:\Users\ADV\Downloads\project\node_modules\next\dist\compiled\next-server\app-page-turbo.runtim
e.prod.js:2:112882)
    at au (C:\Users\ADV\Downloads\project\node_modules\next\dist\compiled\next-server\app-page-turbo.runtim
e.prod.js:2:109985)
    at al (C:\Users\ADV\Downloads\project\node_modules\next\dist\compiled\next-server\app-page-turbo.runtim
e.prod.js:2:108231)
Error occurred prerendering page "/contact-us". Read more: https://nextjs.org/docs/messages/prerender-error
Export encountered an error on /contact-us/page: /contact-us, exiting the build.
Γ¿» Next.js build worker exited with code: 1 and signal: null
